{
  "Resources": {
    "myuserpool01998219": {
      "Type": "AWS::Cognito::UserPool",
      "Properties": {
        "AdminCreateUserConfig": {
          "AllowAdminCreateUserOnly": true
        },
        "AutoVerifiedAttributes": [
          "email"
        ],
        "EmailVerificationMessage": "Hello {username}, Your verification code is {####}",
        "EmailVerificationSubject": "Verify your new account",
        "LambdaConfig": {},
        "Policies": {
          "PasswordPolicy": {}
        },
        "SmsVerificationMessage": "The verification code to your new account is {####}",
        "UserPoolName": "MyUserPool",
        "VerificationMessageTemplate": {
          "DefaultEmailOption": "CONFIRM_WITH_CODE",
          "EmailMessage": "Hello {username}, Your verification code is {####}",
          "EmailSubject": "Verify your new account",
          "SmsMessage": "The verification code to your new account is {####}"
        }
      }
    }
  }
}